../Drivers/BSP/STM32F769I-Discovery/stm32f769i_discovery_qspi.c:113:9:BSP_QSPI_Init	16	static,ignoring_inline_asm
../Drivers/BSP/STM32F769I-Discovery/stm32f769i_discovery_qspi.c:179:9:BSP_QSPI_DeInit	8	static
../Drivers/BSP/STM32F769I-Discovery/stm32f769i_discovery_qspi.c:208:9:BSP_QSPI_Read	80	static
../Drivers/BSP/STM32F769I-Discovery/stm32f769i_discovery_qspi.c:254:9:BSP_QSPI_Write	96	static
../Drivers/BSP/STM32F769I-Discovery/stm32f769i_discovery_qspi.c:328:9:BSP_QSPI_Erase_Block	72	static
../Drivers/BSP/STM32F769I-Discovery/stm32f769i_discovery_qspi.c:370:9:BSP_QSPI_Erase_Chip	64	static
../Drivers/BSP/STM32F769I-Discovery/stm32f769i_discovery_qspi.c:410:9:BSP_QSPI_GetStatus	72	static
../Drivers/BSP/STM32F769I-Discovery/stm32f769i_discovery_qspi.c:455:9:BSP_QSPI_GetInfo	16	static
../Drivers/BSP/STM32F769I-Discovery/stm32f769i_discovery_qspi.c:471:9:BSP_QSPI_EnableMemoryMappedMode	72	static
../Drivers/BSP/STM32F769I-Discovery/stm32f769i_discovery_qspi.c:516:13:BSP_QSPI_MspInit	64	static
../Drivers/BSP/STM32F769I-Discovery/stm32f769i_discovery_qspi.c:577:13:BSP_QSPI_MspDeInit	16	static
../Drivers/BSP/STM32F769I-Discovery/stm32f769i_discovery_qspi.c:605:16:QSPI_ResetMemory	104	static
../Drivers/BSP/STM32F769I-Discovery/stm32f769i_discovery_qspi.c:765:16:QSPI_EnterFourBytesAddress	72	static
../Drivers/BSP/STM32F769I-Discovery/stm32f769i_discovery_qspi.c:806:16:QSPI_DummyCyclesCfg	88	static,ignoring_inline_asm
../Drivers/BSP/STM32F769I-Discovery/stm32f769i_discovery_qspi.c:903:16:QSPI_EnterMemory_QPI	96	static
../Drivers/BSP/STM32F769I-Discovery/stm32f769i_discovery_qspi.c:951:16:QSPI_ExitMemory_QPI	72	static
../Drivers/BSP/STM32F769I-Discovery/stm32f769i_discovery_qspi.c:981:16:QSPI_OutDrvStrengthCfg	88	static,ignoring_inline_asm
../Drivers/BSP/STM32F769I-Discovery/stm32f769i_discovery_qspi.c:1075:16:QSPI_WriteEnable	96	static
../Drivers/BSP/STM32F769I-Discovery/stm32f769i_discovery_qspi.c:1121:16:QSPI_AutoPollingMemReady	96	static
