../Drivers/CMSIS/Include/core_cm7.h:2229:22:SCB_EnableICache	4	static,ignoring_inline_asm
../Drivers/CMSIS/Include/core_cm7.h:2281:22:SCB_EnableDCache	24	static,ignoring_inline_asm
../Core/Src/main.c:151:6:OnError_Handler	16	static
../Core/Src/main.c:161:9:CheckForUserInput	8	static
../Core/Src/main.c:183:5:main	24	static
../Core/Src/main.c:361:6:SystemClock_Config	88	static
../Core/Src/main.c:414:6:PeriphCommonClock_Config	152	static
../Core/Src/main.c:445:6:__io_putchar	16	static
../Core/Src/main.c:470:11:HAL_DSI_EndOfRefreshCallback	16	static
../Core/Src/main.c:491:11:HAL_LTDC_ReloadEventCallback	16	static
../Core/Src/main.c:498:11:DMA2_Stream4_IRQHandler	8	static
../Core/Src/main.c:503:11:DMA2_Stream1_IRQHandler	8	static
../Core/Src/main.c:512:11:get_max_val	40	static
../Core/Src/main.c:539:11:BSP_AUDIO_IN_Error_CallBack	8	static
../Core/Src/main.c:568:11:SAIx_In_Init	16	static
../Core/Src/main.c:662:11:SAIx_In_DeInit	8	static
../Core/Src/main.c:680:11:SAI_AUDIO_IN_MspInit	56	static
../Core/Src/main.c:749:14:BSP_AUDIO_IN_OUT_Init	32	static
../Core/Src/main.c:795:15:_BSP_AUDIO_OUT_Play	16	static
../Core/Src/main.c:817:12:AUDIO_SETUP	16	static
../Core/Src/main.c:888:6:HAL_TIM_PeriodElapsedCallback	16	static
../Core/Src/main.c:906:6:Error_Handler	8	static,ignoring_inline_asm
